
> deriverse@0.0.0 build
> tsc -b && vite build

src/components/analytics/MetricCard.tsx(2,10): error TS1484: 'LucideIcon' is a type and must be imported using a type-only import when 'verbatimModuleSyntax' is enabled.
src/components/common/ErrorBoundary.tsx(1,8): error TS6133: 'React' is declared but its value is never read.
src/components/common/ErrorBoundary.tsx(1,28): error TS1484: 'ErrorInfo' is a type and must be imported using a type-only import when 'verbatimModuleSyntax' is enabled.
src/components/common/ErrorBoundary.tsx(1,39): error TS1484: 'ReactNode' is a type and must be imported using a type-only import when 'verbatimModuleSyntax' is enabled.
src/components/common/ErrorBoundary.tsx(47,21): error TS2339: Property 'children' does not exist on type 'ErrorBoundary'.
src/utils/mockData.ts(1,19): error TS6133: 'startOfDay' is declared but its value is never read.
src/utils/mockData.ts(1,31): error TS6133: 'format' is declared but its value is never read.
src/utils/mockData.ts(1,39): error TS6133: 'addHours' is declared but its value is never read.
